=== Testing FRED API for H.4.1 Data ===

OK Total Loans (WLCFLL): 9,945 M -> 9.95 B (2025-12-24)
OK Primary Credit (WLCFLPCL): 9,874 M -> 9.87 B (2025-12-24)
FAIL SOMA Bills (WHTLSBL): ERROR - Unable to read URL: https://fred.stlouisfed.org/graph/fredgraph.csv?id=WHTLSBL
Response Text:
b'<!DOCTYPE html>\r\n<html lang="en">\r\n<head>\r\n    <meta charset="utf-8">\r\n    <meta http-equiv="X-UA-Compatible" content="IE=edge">\r\n    <meta name="viewport" content="width=device-width, initial-scale=1">\r\n    <title>Error - St. Louis Fed</title>\r\n    <meta name="description" content="">\r\n    <meta name="keywords" content="">    \r\n    <link rel="stylesheet" type="text/css" href="/assets/bootstrap/dist/css/bootstrap.min.css">\r\n    <link rel="stylesheet" type="text/css" href="/css/home.min.css?1553087253">\r\n    <link rel="stylesheet" type="text/css" href="/assets/fontawesome-free/css/all.min.css">\r\n    <link rel="stylesheet" type="text/css" href="/assets/select2/dist/css/select2.min.css">\r\n    <style>p {\r\n        margin-bottom: 1.5em;\r\n    }</style>\r\n</head>\r\n<body>\r\n<link rel="preconnect" href="https://fonts.googleapis.com">\n<link rel="preconnect" href="https://fonts.gstatic.com" crossorigin>\n<link href="https://fonts.googleapis.com/css2?family=Roboto:ital,wght@0,100..900;1,100..900&display=swap" rel="stylesheet">\n<link href="https://fonts.googleapis.com/css2?family=Roboto+Slab&display=swap" rel="stylesheet">\n<!--googleoff: snippet-->\n<a href="#content-container" class="skip-to">Skip to main content</a>\n<!--googleon: snippet-->\n<a id="top"></a>\n<!--Move content shift styles internal to boost performance scores-->\n<style>\n    #zoom-and-share {\n        position:relative;\n        background-color: rgb(225, 233, 240);\n        min-height: 437px;\n    }\n</style>\n<div id="container">\n    <header>\n        <h1 class="visually-hidden">Federal Reserve Economic Data</h1>\n        <nav class="navbar navbar-expand-lg header-not-home py-0 EL-nonhomepage-header EL-header-and-subheader">\n            <div id="hidden-user" class=\'hide\'></div>\n            <div id="action-modal"></div>\n            <div class="col-12 d-none d-lg-block">\n                <div class="col-12 d-none d-lg-flex">\n                    <a class="bank-logo-gtm" target="_blank" href="https://www.stlouisfed.org">\n                        <img class="research-logo-gtm" src="//fred.stlouisfed.org/images/Small_Stl_Fed_Logo.svg" alt="Federal Reserve Bank of St. Louis">\n                    </a>\n                    <hr class=" hr-post-frb-stls-logo">\n                </div>\n                <div class="col-12 d-none d-lg-flex">\n                    <div class="col-3 align-content-center">\n                        <a class="fred-logo-gtm" target="_blank" href="//fred.stlouisfed.org">\n                            <img class="header-logo-eagle" src="//fred.stlouisfed.org/images/FRED_Logo_Header.svg" alt="FRED homepage">\n                        </a>\n                    </div>    \n                    <div class="col-9 d-none d-lg-flex align-content-center justify-content-end">\n                        <div class=\'input-group EL-header-search-container\' id="search-container-header">\n    <select id="head-search" class=\'EL-header-search\'>\n        <option></option>\n    </select>\n\n    <button class="search-submit-select2" id="select2-nav-search-button" type="submit" aria-label="Submit Search">\n        <i class="fa fa-search" title="Submit Search"></i>\n    </button>\n</div>\n                        <nav id="blueheader-navbar-nav">\n                            <ul id="blueheader-navbar" class="nav float-end">\n                                <li class="blueheader-navbar-item center-content-vertically switch-products-gtm">\n                                    <span id="switchprod-popover-container" class="switchprod-popover-container">\n\n  <button type="button" id="switchProd" data-toggle="popover" aria-controls="switch-prod-list" \n    aria-haspopup="true" class="header-popover" aria-label="Toggle Explore Our Apps Menu">\n    <img class="Switch-Products-gtm" src="//fred.stlouisfed.org/images/Waffle_Menu_off.svg" alt="Toggle Explore Our Apps Menu" />\n  </button>\n</span>\n\n<div id="switchprod-popover" class="hide">\n  <!-- empty alt values handle older screen readers that don\'t handle WAI-ARIA roles. Both methods allow the screenreader to skip the image and not read the filename to the user. -->\n<h2 class="explore-products-desk">Explore Our Apps</h2>\n<hr>\n<ul id="switch-prod-list" class="list-group switch-products-list" role="menu" aria-labelledby="switchProduct">\n    <li role="presentaion" id="ham-fred-dev" class="list-group-item product-fred">\n      <a class="d-flex burger-fred-gtm" role="menuitem" href="//fred.stlouisfed.org">\n        <div>\n          <img class="switch-icon-padding burger-fred-gtm" src="//fred.stlouisfed.org/images/FRED_Logo_for_Waffle.svg" alt="" role="presentation">\n        </div>\n        <div>\n          <h3 class="burger-fred-gtm">FRED</h3>\n          <p>Tools and resources to find and use economic data worldwide</p>\n        </div>\n      </a>\n    </li>\n    <li role="presentaion" id="ham-fraser" class="list-group-item">\n      <a rel="noopener" target="_blank" class="d-flex burger-fraser-gtm" role="menuitem" href="https://fraser.stlouisfed.org/">\n        <div>\n          <img class="switch-icon-padding burger-fraser-gtm" src="//fred.stlouisfed.org/images/FRASER_Logo_for_Waffle.svg" alt="" role="presentation">\n        </div>\n        <div>\n          <h3 class="burger-fraser-gtm">FRASER</h3>\n          <p>U.S. financial, economic, and banking history</p>\n        </div>\n      </a>\n    </li>\n    <li role="presentaion" id="ham-alfred" class="list-group-item">\n      <a rel="noopener" target="_blank" class="d-flex burger-alfred-gtm" role="menuitem" href="//alfred.stlouisfed.org">\n        <div>\n          <img class="switch-icon-padding burger-alfred-gtm" src="//fred.stlouisfed.org/images/ALFRED_Logo_for_Waffle.svg" alt="" role="presentation">\n        </div>\n        <div>\n          <h3 class="burger-alfred-gtm">ALFRED</h3>\n          <p>Vintages of economic data from specific dates in history</p>\n        </div>\n      </a>\n    </li>\n    <li role="presentaion" id="ham-ecolowdown" class="list-group-item">\n      <a rel="noopener" target="_blank" class="d-flex burger-econlowdown-gtm" role="menuitem" href="https://cassidi.stlouisfed.org/index">\n        <div>\n          <img class="burger-econlowdown-gtm" src="//fred.stlouisfed.org/images/CASSIDI_Logo_for_Waffle.svg" alt="" role="presentation">\n        </div>\n        <div>\n          <h3 class="burger-econlowdown-gtm">CASSIDI</h3>\n          <p>View banking market concentrations and perform HHI analysis</p>\n        </div>\n      </a>\n  </li>\n</ul>\n</div>                                </li>\n                                <li class="blueheader-navbar-item center-content-vertically">\n                                    <div class="hidden-xs" id="signin-wrap">\n                                        <div id="user-nav" class="EL-my-account-link"></div>\n                                    </div>\n                                </li>\n                            </ul>\n                        </nav>\n                    </div>\n                </div>\n            </div>\n            <div class="col-12 d-lg-none">\n                <div class="fred-logo-div col-6 align-content-center">\n                    <a class="fred-logo-gtm" href="//fred.stlouisfed.org/">\n                        <img class="header-logo" src="//fred.stlouisfed.org/images/FRED_Logo_Header_white_text.svg" alt="FRED homepage">\n                    </a>\n                </div>\n                <div class="blueheader-navbar center-content-vertically">\n                    <button type="button" id="search-btn-open" aria-controls="mobile-search-container" \n    onclick="mobileSearchToggle(\'open\')" aria-label="Open Search">\n    <i class="fas fa-solid fa-search" title="Open Search"></i>\n</button>\n<button type="button" id="search-btn-close" class="hide" aria-controls="mobile-search-container" \n    onclick="mobileSearchToggle(\'close\')" aria-label="Close Search" disabled="true">\n    <i class="fa-solid fa-x" title="Close Search"></i>\n</button>  \n                    <button type="button" id="hamburger-btn-open" class="hamburger-gtm" aria-controls="hamburger-drawer" \n    onclick="hamburgerMenuToggle(\'open\')" aria-label="Open Mobile Menu">\n    <i id="hamburger" class="fas fa-bars hamburger-header" title="Open Mobile Menu"></i>\n</button> \n<button type="button" id="hamburger-btn-close" class="close-btn burger-close-gtm hide" aria-controls="hamburger-drawer" \n    onclick="hamburgerMenuToggle(\'close\')" aria-label="Close Mobile Menu">\n    <i class="fa-solid fa-x" title="Close Mobile Menu"></i>\n</button> \n                </div>\n            </div>\n            <div id="notifications-container"></div>\n        </nav>\n        <div class="blueheader-navbar d-lg-none">\n            <div id="mobile-search-container" class="hide col-12">\n                <input type="hidden" id="mobile-search-input" class="search-text-input" placeholder="Search FRED Data..." disabled="disabled">\n                <button type="submit" class="search-submit-select2" id="mobile-search-submit" disabled="disabled">\n                    <i class="fas fa-solid fa-search" title="Search"></i>\n                </button>\n            </div>\n            <nav id="hamburger-drawer" class="hide">\n    <div class="slide-content">\n        <div id="hamburger-navigation">\n            <div id="hamburger-home">\n                <ul class="list-group flush-list hamburger-list col-12">\n                    <li class="list-group-item">\n                        <a class="burger-calendar-gtm" href="https://fred.stlouisfed.org/releases/calendar">Release Calendar</a>\n                    </li>\n                    <li class="list-group-item hamburger-menu-item">\n                        <button type="button" class="burger-tools-gtm" onclick="toggleMenuNavigation(\'hamburger-tools\', true)" aria-controls="hamburger-tools">Tools\n                            <i class="fas fa-solid fa-angle-down" title="Toggle FRED Tools Submenu"></i>\n                        </button>\n                        <ul id="hamburger-tools" role="menu" class="hide list-group hamburger-submenu-list col-12">\n                            <li role="presentation" class="list-group-item">\n                                <a role="menuitem" class="burger-fred-excel-add-in-gtm" href="https://fred.stlouisfed.org/fred-addin"> FRED Add-in for Excel</a>\n                            </li>\n                            <li role="presentation" class="list-group-item">\n                                <a role="menuitem" class="burger-fred-api-gtm" href="https://fred.stlouisfed.org/docs/api/fred"> FRED API</a>\n                            </li>\n                            <li role="presentation" class="list-group-item">\n                                <a role="menuitem" class="burger-fred-mobile-apps-gtm" href="https://fred.stlouisfed.org/fred-mobile"> FRED Mobile Apps</a>\n                            </li>\n                        </ul>\n                    </li>\n                    <li class="list-group-item">\n                        <a class="burger-news-gtm" href="https://news.research.stlouisfed.org/category/fred-announcements/">News</a>\n                    </li>\n                    <li class="list-group-item">\n                        <a class="burger-blog-gtm" href="https://fredblog.stlouisfed.org">Blog</a>\n                    </li>\n                    <li class="list-group-item hamburger-menu-item">\n                        <button type="button" class="burger-about-gtm" onclick="toggleMenuNavigation(\'hamburger-about-fred\', true)" aria-controls="hamburger-about-fred">About\n                            <i class="fas fa-solid fa-angle-down" title="Toggle About FRED Submenu"></i>\n                        </button>\n                        <ul id="hamburger-about-fred" role="menu" class="hide list-group hamburger-submenu-list col-12">\n                            <li role="presentation" class="list-group-item">\n                                <a role="menuitem" class="burger-fred-about-gtm" href="https://fredhelp.stlouisfed.org/fred/about/about-fred/what-is-fred/"> What is FRED</a>\n                            </li>\n                            <li role="presentation" class="list-group-item">\n                                <a role="menuitem" class="burger-tutorials-gtm" href="https://fredhelp.stlouisfed.org"> Tutorials</a>\n                            </li>\n                            <li role="presentation" class="list-group-item">\n                                <a role="menuitem" class="burger-data-literacy-gtm" href="https://fred.stlouisfed.org/digital-badges/">\n                                Digital Badges\n                                </a>\n                            </li>\n                            <li role="presentation" class="list-group-item">\n                                <a role="menuitem" class="burger-contact-us-gtm" href="https://fred.stlouisfed.org/contactus/"> Contact Us</a>\n                            </li>\n                        </ul>\n                    </li>\n                    <li class="list-group-item">\n                        <a class="burger-myaccount-gtm" href="https://fredaccount.stlouisfed.org">My Account</a>\n                    </li>\n                    <li class="list-group-item hamburger-menu-item">\n                        <button type="button" class="burger-switch-gtm" onclick="toggleMenuNavigation(\'hamburger-products\', true)" aria-controls="hamburger-products">\n                            Explore Our Apps\n                            <i class="fas fa-solid fa-angle-down" title="Toggle Apps Submenu"></i>\n                        </button>\n                        <div id="hamburger-products" class="hide">\n                            <!-- empty alt values handle older screen readers that don\'t handle WAI-ARIA roles. Both methods allow the screenreader to skip the image and not read the filename to the user. -->\n<h2 class="explore-products-desk">Explore Our Apps</h2>\n<hr>\n<ul id="switch-prod-list" class="list-group switch-products-list" role="menu" aria-labelledby="switchProduct">\n    <li role="presentaion" id="ham-fred-dev" class="list-group-item product-fred">\n      <a class="d-flex burger-fred-gtm" role="menuitem" href="//fred.stlouisfed.org">\n        <div>\n          <img class="switch-icon-padding burger-fred-gtm" src="//fred.stlouisfed.org/images/FRED_Logo_for_Waffle.svg" alt="" role="presentation">\n        </div>\n        <div>\n          <h3 class="burger-fred-gtm">FRED</h3>\n          <p>Tools and resources to find and use economic data worldwide</p>\n        </div>\n      </a>\n    </li>\n    <li role="presentaion" id="ham-fraser" class="list-group-item">\n      <a rel="noopener" target="_blank" class="d-flex burger-fraser-gtm" role="menuitem" href="https://fraser.stlouisfed.org/">\n        <div>\n          <img class="switch-icon-padding burger-fraser-gtm" src="//fred.stlouisfed.org/images/FRASER_Logo_for_Waffle.svg" alt="" role="presentation">\n        </div>\n        <div>\n          <h3 class="burger-fraser-gtm">FRASER</h3>\n          <p>U.S. financial, economic, and banking history</p>\n        </div>\n      </a>\n    </li>\n    <li role="presentaion" id="ham-alfred" class="list-group-item">\n      <a rel="noopener" target="_blank" class="d-flex burger-alfred-gtm" role="menuitem" href="//alfred.stlouisfed.org">\n        <div>\n          <img class="switch-icon-padding burger-alfred-gtm" src="//fred.stlouisfed.org/images/ALFRED_Logo_for_Waffle.svg" alt="" role="presentation">\n        </div>\n        <div>\n          <h3 class="burger-alfred-gtm">ALFRED</h3>\n          <p>Vintages of economic data from specific dates in history</p>\n        </div>\n      </a>\n    </li>\n    <li role="presentaion" id="ham-ecolowdown" class="list-group-item">\n      <a rel="noopener" target="_blank" class="d-flex burger-econlowdown-gtm" role="menuitem" href="https://cassidi.stlouisfed.org/index">\n        <div>\n          <img class="burger-econlowdown-gtm" src="//fred.stlouisfed.org/images/CASSIDI_Logo_for_Waffle.svg" alt="" role="presentation">\n        </div>\n        <div>\n          <h3 class="burger-econlowdown-gtm">CASSIDI</h3>\n          <p>View banking market concentrations and perform HHI analysis</p>\n        </div>\n      </a>\n  </li>\n</ul>\n                        </div>\n                    </li>\n                    <li class="list-group-item">\n                        <a class="burger-stls-home-gtm" href="https://www.stlouisfed.org/">STL Fed Home Page</a>\n                    </li>\n                </ul>\n            </div>\n        </div>\n    </div>\n</nav>\n        </div>\n        <div class=\'navbar navbar-expand-lg sub-header EL-header-and-subheader\'>\n            <div class="container-fluid gx-0">\n                <div class="col d-flex justify-content-end">\n                    <div class="container-fluid gx-0">\n                        \n<hr class="col-12 hr-pre-subheader-nav d-none d-lg-block">\n<nav class="col-12 navbar EL-main-nav navbar-expand-sm d-none d-lg-flex" id="subheader-nav">\n    <div class="navbar-collapse collapse d-flex justify-content-end">\n        <ul id="subheader-navbar" class="nav float-end navbar-nav">\n            <li class="nav-li-subheader">\n                <a href="https://fred.stlouisfed.org/releases/calendar" class="nav-releasecal-subheader-gtm">Release Calendar</a>\n            </li>\n            <li class="nav-li-subheader">\n              <span class="sub-header-nav-tools-gtm  header-popover fred-tools-container">\n  <button type="button" id="fred-tools-link" class="align-icon header-popover tools-gtm" \n    aria-haspopup="true" aria-controls="fred-tools-menu" data-toggle="popover" \n    onclick="toggleMenuNavigation(\'fred-tools-popover\')">Tools\n    <i class="fas fa-angle-down" title="Toggle Tools Menu"></i>\n  </button>\n</span>\n\n<div id="fred-tools-popover" class="hide">\n  <ul id="fred-tools-menu" role="menu" class="header-list-popover list-group flush-list">\n    <li role="presentation" class="list-group-item">\n      <a role="menuitem" class="homepage-nav-tools-fred-excel-addin-gtm" href="https://fred.stlouisfed.org/fred-addin">FRED Add-in for Excel</a>\n    </li>\n    <li role="presentation" class="list-group-item">\n      <a role="menuitem" class="homepage-nav-tools-fred-api-gtm" href="https://fred.stlouisfed.org/docs/api/fred">FRED API</a>\n    </li>\n    <li role="presentation" class="list-group-item">\n      <a role="menuitem" class="homepage-nav-tools-fred-mobile-gtm" href="https://fred.stlouisfed.org/fred-mobile">FRED Mobile Apps</a>\n    </li>\n  </ul>\n</div>            </li>\n            <li class="nav-li-subheader">\n                <a href="https://news.research.stlouisfed.org/category/fred-announcements/" class="nav-news-subheader-gtm">News</a>\n            </li>\n            <li class="nav-li-subheader">\n                <a href="https://fredblog.stlouisfed.org" class="nav-fredblog-subheader-gtm">Blog</a>\n            </li>\n            <li class="nav-li-subheader">\n              \n<span class="subheader-nav-about-gtm about-fred-container">\n  <button type="button" id="about-fred-link" class="align-icon header-popover about-gtm" \n    data-toggle="popover" aria-controls="about-fred-menu" aria-haspopup="true"\n    onclick="toggleMenuNavigation(\'about-fred-popover\')">About\n    <i class="fas fa-angle-down" alt="Toggle About Menu"></i>\n  </button>\n</span>\n\n<div id="about-fred-popover" class="hide">\n  <ul id="about-fred-menu" role="menu" aria-labelledby="about-fred-link" class="header-list-popover list-group flush-list">\n    <li role="presentation" class="list-group-item">\n      <a role="menuitem" class="about-fred-what-is-gtm" href="https://fredhelp.stlouisfed.org/fred/about/about-fred/what-is-fred/">\n        What is FRED\n      </a>\n    </li>\n    <li role="presentation" class="list-group-item">\n      <a role="menuitem" class="about-fred-tutorials-gtm" href="https://fredhelp.stlouisfed.org">\n        Tutorials\n      </a>\n    </li>\n    <li role="presentation" class="list-group-item">\n      <a role="menuitem" class="about-research-data-literacy-gtm" href="https://fred.stlouisfed.org/digital-badges/">\n        Digital Badges\n      </a>\n    </li>\n    <li role="presentation" class="list-group-item">\n      <a role="menuitem" class="about-fred-contact-gtm" href="https://fred.stlouisfed.org/contactus/ ">\n        Contact Us\n      </a>\n    </li>\n  </ul>\n</div>\n            </li>\n        </ul>\n    </div>\n</nav>\n                    </div>\n                </div>\n            </div>\n        </div>\n    </header>\n<!--BEGIN CONTENT-->\r\n<div class="container">\r\n    <h1>Looking for Something?</h1>\r\n    <p class="large">We\'re sorry, the page you were looking for cannot be found. Please feel free\r\n        to <a href="/contactus/">contact us</a> if the problem persists.</p>\r\n    <p class="large">Searching may help find what are you looking for. If all else fails, you can head\r\n        <a href="/">Home</a>\r\n    </p>\r\n    <form action="/searchresults" id="search-form-404" class="mb-5">\r\n        <div class="mb-3">\r\n            <label for="search-text" class="form-label">Search for:</label>\r\n            <input type="text" name="st" id="search-text" size="50" class="form-control">\r\n        </div>\r\n        <button type="submit" class="btn btn-default" id="404-search-button" name="404-search-button">Search</button>\r\n    </form>\r\n</div>\r\n<link href="/css/footer.min.css?1553087256" rel="stylesheet" media="all">\r\n<!--END CONTENT-->\r\n<br class="clear">\n</div>\n\n<div class="hidden-print d-lg-none icon-container sticky-bottom btt-ct col-12">\n    <a id="back-to-top" class="back-to-top" href="#top">\n        <i aria-hidden="true" class="fas fa-solid fa-chevron-up" title="Back to Top"></i>\n    <span class="fa-sr-only">Back to Top</span></a>\n</div>\n<button disabled id="filter-button" class="hidden drawer-dropdown-trigger filter-tags-btn btn sticky-bottom btn-block btn-default dropdown-is-active">\n    <div class="filter-button-inner">\n        <i class="fa fa-filter" style="padding-right:5px;"></i>Filter\n        <span class="badge badge-primary subpage-badge-primary">0</span>\n    </div>\n</button>\n\n<div class="footer2 hidden-print row EL-footer2">\n    <div class="container d-md-flex">\n        <div class="col-md-6 col-lg-5 col-12">\n            <div class="col-12">\n                <h3 class="col-12">Subscribe to the FRED newsletter</h3>\n                <form id="subscribe-div" class="form-horizontal form-control newsletter-form">\n                    <div class="col-12">\n                        <div class="input-group">\n                            <input id="subscribe-email-input" type="text" name="email" placeholder="Email"\n                            class="form-control email" aria-label="email">\n                            <button id="subscribe-email-btn" type="button"\n                            class="btn subscribe-newsletter-btn-gtm">\n                            Subscribe</button>\n                        </div>\n                    </div>\n                </form>\n            </div>\n            <div class="col-12">\n                <h3 class="col-12">Follow us</h3>\n                <div id="follow-icons" class="col-12">\n                    <span id="li-container" class="icon-container">\n                        <a href="http://bit.ly/d056zL">\n                            <i aria-hidden="true" class="fab fa-brands fa-linkedin-in" title="Linked In"></i>\n                            <span class="fa-sr-only">Saint Louis Fed linkedin page</span></a></span>\n                    <span id="fb-container" class="icon-container">\n                        <a href="https://www.facebook.com/stlfed">\n                            <i aria-hidden="true" class="fab fa-brands fa-facebook-f" title="Facebook"></i>\n                            <span class="fa-sr-only">Saint Louis Fed facebook page</span></a></span>\n                    <span id="x-container" class="icon-container">\n                        <a href="http://bit.ly/9ngC3L">\n                            <i aria-hidden="true" class="fab fa-brands fa-x-twitter" title="X (formerly Twitter)"></i>\n                            <span class="fa-sr-only">Saint Louis Fed X page</span></a></span>\n                    <span id="yt-container" class="icon-container">\n                        <a href="http://bit.ly/aY9TVF">\n                            <i aria-hidden="true" class="fab fa-brands fa-youtube" title="YouTube"></i>\n                            <span class="fa-sr-only">Saint Louis Fed YouTube page</span></a></span> \n                </div>\n            </div>\n        </div>\n        <div class="col-md-1 col-lg-2 d-none d-md-block">&nbsp;</div>\n        <div class="col-md-4 col-lg-3 col-7 need-help">\n            <h3 class="col-12">Need Help?</h3>\n            <div class="col-12">\n                <div class="footer-link">\n                    <a class="footer-questions-gtm q-and-a-link-gtm" href="//fred.stlouisfed.org/contactus/">\n                        Questions or Comments</a></div>\n                <div class="footer-link">\n                    <a class="footer-fredhelp-gtm" href="//fredhelp.stlouisfed.org/">FRED Help</a></div>\n            </div>\n            <hr class="col-12">\n            <div class="col-12">\n                <div class="footer-link">\n                    <a href="//fred.stlouisfed.org/legal/">Legal</a></div>\n                <div class="footer-link">\n                    <a href="//research.stlouisfed.org/privacy.html">Privacy Notice & Policy</a></div>\n            </div>\n        </div>\n        <div class="col-md-1 col-lg-2 d-none d-md-block">&nbsp;</div>\n    </div>\n</div>\n\n<script>\n    // function to parse cookies, and return the value\n    function getCookie(name) {\n        var cookies = document.cookie.split(\';\');\n        for (var i in cookies) {\n            var cookie = cookies[i].trim().split(\'=\');\n            if (cookie[0] == name) {\n                return cookie[1];\n            }\n        }\n        return null;\n    }\n    // certain pages in FRED set a custom tag variable\n    // this gets sent to Google Analytics so we can see what tags people are using\n    if (window.tags) {\n        dataLayer.push({ \'tags\': tags });\n\n    }\n\n    // if the user is logged in, send the value of the liruid cookie to Google Analytics\n    var researchLiruid = getCookie(\'research-liruid\');\n    dataLayer.push({ \'userId\': researchLiruid });\n\n</script>\n<script src="//fred.stlouisfed.org/assets/jquery/dist/1766174783.jquery.min.js" type="text/javascript"></script>\n<script src="//fred.stlouisfed.org/assets/popperjs/dist/umd/1766174783.popper.min.js"></script>\n<script src="//fred.stlouisfed.org/assets/bootstrap/dist/js/1766174783.bootstrap.min.js"></script>\n<script src="//fred.stlouisfed.org/assets/select2/dist/js/1766174783.select2.full.min.js"></script>\n<script>\n    // force expire the .fred.stlouisfed.org _ga cookie\n    document.cookie = document.cookie + \'_ga=;domain=.fred.stlouisfed.org;expires=Sat, 01-Jan-2000 00:00:00 GMT\';\n</script>\n\n<script defer src="//fred.stlouisfed.org/assets/jquery-menu-aim/1766174783.jquery.menu-aim.min.js"></script>\n\n<script src="//fred.stlouisfed.org/js/1766174783.common.min.js"></script>\n\n<script src="//fred.stlouisfed.org/assets/js-cookie/src/js.cookie.js"></script>\n<script src="//fred.stlouisfed.org/js/1766174783.508.min.js"></script>\n\n<script>\n    var appConfig = {\n        uapi_host: \'https://fred.stlouisfed.org/uapi\',\n        research_host: \'https://research.stlouisfed.org\',\n        fred_host: \'https://fred.stlouisfed.org\',\n        alfred_host: \'https://alfred.stlouisfed.org\',\n        gsi_client_id: \'115290014367-vpb89b600koe9kn0njeeq38c1unfr3gk.apps.googleusercontent.com\',\n        fred_account_host: \'https://fredaccount.stlouisfed.org\',\n    };\n\n    var domain_suffix = (window.location.hostname.split(".")[0].split("-")[1] || \'\');\n    appConfig.logged_in = Cookies.get(\'research-lirua\' + (domain_suffix ? \'-\' + domain_suffix : \'\')) !== null && Cookies.get(\'research-lirua\' + (domain_suffix ? \'-\' + domain_suffix : \'\')) !== undefined;\n    var getAuth = function (callback) {\n        if (typeof callback === \'function\') {\n            callback();\n        }\n        return;\n    };\n    window.getAuth = getAuth;\n\n</script>\n\n<script>\n    <!--suppress back to top before scroll-->\n    window.onscroll = function(){\n        backTop = $("#back-to-top");\n        window.pageYOffset >= 205 ? backTop.css(\'display\', \'block\') : backTop.css(\'display\', \'none\');\n    }\n\n</script>\n\n<script defer src="//fred.stlouisfed.org/js/1766174783.banner.js"></script>\n<script src="//accounts.google.com/gsi/client" async defer></script>\n<script src="//fred.stlouisfed.org/assets/research/fred-account-react/dist/1766174783.main.dist.js"></script>\n<script src="//fred.stlouisfed.org/assets/research/fred-account-react/dist/1766174783.vendor.dist.js"></script>\n\n<script type="text/javascript">\n    // update mobile footer filter bar active filter count to content.tagsDrawers tags-number\n    $(\'.filter-button-inner .badge\').text($(\'.tags-number\').text());\n</script>\n<script type="text/javascript"  src="/l7RzI3YhdU/qFqqMF1mdq/Y9tuNbQkVJbGcw1LVi/UiJhaTcD/fWNqfnNT/GFs"></script></body>\r\n</html>\r\n'

If all show OK, FRED API is working and manual input is not needed!